2015-04-20T20:11:36.418+0800: 248.214: [GC2015-04-20T20:11:36.419+0800: 248.214: [ParNew: 272640K->10254K(306688K), 0.0159170 secs] 272640K->10254K(1014528K), 0.0160230 secs] [Times: user=0.04 sys=0.01, real=0.02 secs] 
2015-04-20T20:16:10.100+0800: 521.896: [GC [1 CMS-initial-mark: 0K(707840K)] 151440K(1014528K), 0.0490500 secs] [Times: user=0.05 sys=0.01, real=0.04 secs] 
2015-04-20T20:16:10.149+0800: 521.945: [CMS-concurrent-mark-start]
2015-04-20T20:16:10.172+0800: 521.968: [CMS-concurrent-mark: 0.022/0.022 secs] [Times: user=0.02 sys=0.00, real=0.03 secs] 
2015-04-20T20:16:10.172+0800: 521.968: [CMS-concurrent-preclean-start]
2015-04-20T20:16:10.175+0800: 521.971: [CMS-concurrent-preclean: 0.003/0.003 secs] [Times: user=0.00 sys=0.00, real=0.00 secs] 
2015-04-20T20:16:10.175+0800: 521.971: [CMS-concurrent-abortable-preclean-start]
 CMS: abort preclean due to time 2015-04-20T20:16:15.218+0800: 527.014: [CMS-concurrent-abortable-preclean: 0.827/5.044 secs] [Times: user=0.85 sys=0.02, real=5.04 secs] 
2015-04-20T20:16:15.218+0800: 527.014: [GC[YG occupancy: 151440 K (306688 K)]2015-04-20T20:16:15.218+0800: 527.014: [GC2015-04-20T20:16:15.218+0800: 527.014: [ParNew: 151440K->3911K(306688K), 0.0078810 secs] 151440K->3911K(1014528K), 0.0079320 secs] [Times: user=0.03 sys=0.00, real=0.01 secs] 
2015-04-20T20:16:15.226+0800: 527.022: [Rescan (parallel) , 0.0037800 secs]2015-04-20T20:16:15.230+0800: 527.026: [weak refs processing, 0.0000190 secs]2015-04-20T20:16:15.230+0800: 527.026: [class unloading, 0.0010080 secs]2015-04-20T20:16:15.231+0800: 527.027: [scrub symbol table, 0.0016040 secs]2015-04-20T20:16:15.233+0800: 527.029: [scrub string table, 0.0002170 secs] [1 CMS-remark: 0K(707840K)] 3911K(1014528K), 0.0149330 secs] [Times: user=0.05 sys=0.00, real=0.02 secs] 
2015-04-20T20:16:15.234+0800: 527.029: [CMS-concurrent-sweep-start]
2015-04-20T20:16:15.239+0800: 527.035: [CMS-concurrent-sweep: 0.003/0.005 secs] [Times: user=0.00 sys=0.00, real=0.00 secs] 
2015-04-20T20:16:15.239+0800: 527.035: [CMS-concurrent-reset-start]
2015-04-20T20:16:15.240+0800: 527.036: [CMS-concurrent-reset: 0.001/0.001 secs] [Times: user=0.00 sys=0.00, real=0.01 secs] 
2015-04-20T20:25:14.948+0800: 1066.744: [GC2015-04-20T20:25:14.948+0800: 1066.744: [ParNew: 276551K->4306K(306688K), 0.0092900 secs] 276551K->4306K(1014528K), 0.0096900 secs] [Times: user=0.03 sys=0.00, real=0.01 secs] 
2015-04-20T20:37:43.114+0800: 1814.910: [GC2015-04-20T20:37:43.115+0800: 1814.911: [ParNew: 276946K->5846K(306688K), 0.0097000 secs] 276946K->5846K(1014528K), 0.0106040 secs] [Times: user=0.03 sys=0.01, real=0.01 secs] 
